OMGHAI!
-------- day 0 --------
name, sellIn, quality
+7 Agility Tunic, 10, 20
Vintage Cheddar, 2, 0
Potion of the Panther, 5, 7
Eternal Ember, Grip of Thoralon, 0, 80
Eternal Ember, Grip of Thoralon, -1, 80
Grand Event tickets to a FLKAPL90FTG performance, 15, 20
Grand Event tickets to a FLKAPL90FTG performance, 10, 49
Grand Event tickets to a FLKAPL90FTG performance, 5, 49
Enchanted Arcane Pastry, 3, 6

-------- day 1 --------
name, sellIn, quality
+7 Agility Tunic, 9, 19
Vintage Cheddar, 1, 1
Potion of the Panther, 4, 6
Eternal Ember, Grip of Thoralon, 0, 80
Eternal Ember, Grip of Thoralon, -1, 80
Grand Event tickets to a FLKAPL90FTG performance, 14, 21
Grand Event tickets to a FLKAPL90FTG performance, 9, 50
Grand Event tickets to a FLKAPL90FTG performance, 4, 50
Enchanted Arcane Pastry, 2, 5

-------- day 2 --------
name, sellIn, quality
+7 Agility Tunic, 8, 18
Vintage Cheddar, 0, 2
Potion of the Panther, 3, 5
Eternal Ember, Grip of Thoralon, 0, 80
Eternal Ember, Grip of Thoralon, -1, 80
Grand Event tickets to a FLKAPL90FTG performance, 13, 22
Grand Event tickets to a FLKAPL90FTG performance, 8, 50
Grand Event tickets to a FLKAPL90FTG performance, 3, 50
Enchanted Arcane Pastry, 1, 4

-------- day 3 --------
name, sellIn, quality
+7 Agility Tunic, 7, 17
Vintage Cheddar, -1, 4
Potion of the Panther, 2, 4
Eternal Ember, Grip of Thoralon, 0, 80
Eternal Ember, Grip of Thoralon, -1, 80
Grand Event tickets to a FLKAPL90FTG performance, 12, 23
Grand Event tickets to a FLKAPL90FTG performance, 7, 50
Grand Event tickets to a FLKAPL90FTG performance, 2, 50
Enchanted Arcane Pastry, 0, 3

-------- day 4 --------
name, sellIn, quality
+7 Agility Tunic, 6, 16
Vintage Cheddar, -2, 6
Potion of the Panther, 1, 3
Eternal Ember, Grip of Thoralon, 0, 80
Eternal Ember, Grip of Thoralon, -1, 80
Grand Event tickets to a FLKAPL90FTG performance, 11, 24
Grand Event tickets to a FLKAPL90FTG performance, 6, 50
Grand Event tickets to a FLKAPL90FTG performance, 1, 50
Enchanted Arcane Pastry, -1, 1

-------- day 5 --------
name, sellIn, quality
+7 Agility Tunic, 5, 15
Vintage Cheddar, -3, 8
Potion of the Panther, 0, 2
Eternal Ember, Grip of Thoralon, 0, 80
Eternal Ember, Grip of Thoralon, -1, 80
Grand Event tickets to a FLKAPL90FTG performance, 10, 25
Grand Event tickets to a FLKAPL90FTG performance, 5, 50
Grand Event tickets to a FLKAPL90FTG performance, 0, 50
Enchanted Arcane Pastry, -2, 0

-------- day 6 --------
name, sellIn, quality
+7 Agility Tunic, 4, 14
Vintage Cheddar, -4, 10
Potion of the Panther, -1, 0
Eternal Ember, Grip of Thoralon, 0, 80
Eternal Ember, Grip of Thoralon, -1, 80
Grand Event tickets to a FLKAPL90FTG performance, 9, 27
Grand Event tickets to a FLKAPL90FTG performance, 4, 50
Grand Event tickets to a FLKAPL90FTG performance, -1, 0
Enchanted Arcane Pastry, -3, 0

-------- day 7 --------
name, sellIn, quality
+7 Agility Tunic, 3, 13
Vintage Cheddar, -5, 12
Potion of the Panther, -2, 0
Eternal Ember, Grip of Thoralon, 0, 80
Eternal Ember, Grip of Thoralon, -1, 80
Grand Event tickets to a FLKAPL90FTG performance, 8, 29
Grand Event tickets to a FLKAPL90FTG performance, 3, 50
Grand Event tickets to a FLKAPL90FTG performance, -2, 0
Enchanted Arcane Pastry, -4, 0

-------- day 8 --------
name, sellIn, quality
+7 Agility Tunic, 2, 12
Vintage Cheddar, -6, 14
Potion of the Panther, -3, 0
Eternal Ember, Grip of Thoralon, 0, 80
Eternal Ember, Grip of Thoralon, -1, 80
Grand Event tickets to a FLKAPL90FTG performance, 7, 31
Grand Event tickets to a FLKAPL90FTG performance, 2, 50
Grand Event tickets to a FLKAPL90FTG performance, -3, 0
Enchanted Arcane Pastry, -5, 0

-------- day 9 --------
name, sellIn, quality
+7 Agility Tunic, 1, 11
Vintage Cheddar, -7, 16
Potion of the Panther, -4, 0
Eternal Ember, Grip of Thoralon, 0, 80
Eternal Ember, Grip of Thoralon, -1, 80
Grand Event tickets to a FLKAPL90FTG performance, 6, 33
Grand Event tickets to a FLKAPL90FTG performance, 1, 50
Grand Event tickets to a FLKAPL90FTG performance, -4, 0
Enchanted Arcane Pastry, -6, 0

-------- day 10 --------
name, sellIn, quality
+7 Agility Tunic, 0, 10
Vintage Cheddar, -8, 18
Potion of the Panther, -5, 0
Eternal Ember, Grip of Thoralon, 0, 80
Eternal Ember, Grip of Thoralon, -1, 80
Grand Event tickets to a FLKAPL90FTG performance, 5, 35
Grand Event tickets to a FLKAPL90FTG performance, 0, 50
Grand Event tickets to a FLKAPL90FTG performance, -5, 0
Enchanted Arcane Pastry, -7, 0

-------- day 11 --------
name, sellIn, quality
+7 Agility Tunic, -1, 8
Vintage Cheddar, -9, 20
Potion of the Panther, -6, 0
Eternal Ember, Grip of Thoralon, 0, 80
Eternal Ember, Grip of Thoralon, -1, 80
Grand Event tickets to a FLKAPL90FTG performance, 4, 38
Grand Event tickets to a FLKAPL90FTG performance, -1, 0
Grand Event tickets to a FLKAPL90FTG performance, -6, 0
Enchanted Arcane Pastry, -8, 0

-------- day 12 --------
name, sellIn, quality
+7 Agility Tunic, -2, 6
Vintage Cheddar, -10, 22
Potion of the Panther, -7, 0
Eternal Ember, Grip of Thoralon, 0, 80
Eternal Ember, Grip of Thoralon, -1, 80
Grand Event tickets to a FLKAPL90FTG performance, 3, 41
Grand Event tickets to a FLKAPL90FTG performance, -2, 0
Grand Event tickets to a FLKAPL90FTG performance, -7, 0
Enchanted Arcane Pastry, -9, 0

-------- day 13 --------
name, sellIn, quality
+7 Agility Tunic, -3, 4
Vintage Cheddar, -11, 24
Potion of the Panther, -8, 0
Eternal Ember, Grip of Thoralon, 0, 80
Eternal Ember, Grip of Thoralon, -1, 80
Grand Event tickets to a FLKAPL90FTG performance, 2, 44
Grand Event tickets to a FLKAPL90FTG performance, -3, 0
Grand Event tickets to a FLKAPL90FTG performance, -8, 0
Enchanted Arcane Pastry, -10, 0

-------- day 14 --------
name, sellIn, quality
+7 Agility Tunic, -4, 2
Vintage Cheddar, -12, 26
Potion of the Panther, -9, 0
Eternal Ember, Grip of Thoralon, 0, 80
Eternal Ember, Grip of Thoralon, -1, 80
Grand Event tickets to a FLKAPL90FTG performance, 1, 47
Grand Event tickets to a FLKAPL90FTG performance, -4, 0
Grand Event tickets to a FLKAPL90FTG performance, -9, 0
Enchanted Arcane Pastry, -11, 0

-------- day 15 --------
name, sellIn, quality
+7 Agility Tunic, -5, 0
Vintage Cheddar, -13, 28
Potion of the Panther, -10, 0
Eternal Ember, Grip of Thoralon, 0, 80
Eternal Ember, Grip of Thoralon, -1, 80
Grand Event tickets to a FLKAPL90FTG performance, 0, 50
Grand Event tickets to a FLKAPL90FTG performance, -5, 0
Grand Event tickets to a FLKAPL90FTG performance, -10, 0
Enchanted Arcane Pastry, -12, 0

-------- day 16 --------
name, sellIn, quality
+7 Agility Tunic, -6, 0
Vintage Cheddar, -14, 30
Potion of the Panther, -11, 0
Eternal Ember, Grip of Thoralon, 0, 80
Eternal Ember, Grip of Thoralon, -1, 80
Grand Event tickets to a FLKAPL90FTG performance, -1, 0
Grand Event tickets to a FLKAPL90FTG performance, -6, 0
Grand Event tickets to a FLKAPL90FTG performance, -11, 0
Enchanted Arcane Pastry, -13, 0

-------- day 17 --------
name, sellIn, quality
+7 Agility Tunic, -7, 0
Vintage Cheddar, -15, 32
Potion of the Panther, -12, 0
Eternal Ember, Grip of Thoralon, 0, 80
Eternal Ember, Grip of Thoralon, -1, 80
Grand Event tickets to a FLKAPL90FTG performance, -2, 0
Grand Event tickets to a FLKAPL90FTG performance, -7, 0
Grand Event tickets to a FLKAPL90FTG performance, -12, 0
Enchanted Arcane Pastry, -14, 0

-------- day 18 --------
name, sellIn, quality
+7 Agility Tunic, -8, 0
Vintage Cheddar, -16, 34
Potion of the Panther, -13, 0
Eternal Ember, Grip of Thoralon, 0, 80
Eternal Ember, Grip of Thoralon, -1, 80
Grand Event tickets to a FLKAPL90FTG performance, -3, 0
Grand Event tickets to a FLKAPL90FTG performance, -8, 0
Grand Event tickets to a FLKAPL90FTG performance, -13, 0
Enchanted Arcane Pastry, -15, 0

-------- day 19 --------
name, sellIn, quality
+7 Agility Tunic, -9, 0
Vintage Cheddar, -17, 36
Potion of the Panther, -14, 0
Eternal Ember, Grip of Thoralon, 0, 80
Eternal Ember, Grip of Thoralon, -1, 80
Grand Event tickets to a FLKAPL90FTG performance, -4, 0
Grand Event tickets to a FLKAPL90FTG performance, -9, 0
Grand Event tickets to a FLKAPL90FTG performance, -14, 0
Enchanted Arcane Pastry, -16, 0

-------- day 20 --------
name, sellIn, quality
+7 Agility Tunic, -10, 0
Vintage Cheddar, -18, 38
Potion of the Panther, -15, 0
Eternal Ember, Grip of Thoralon, 0, 80
Eternal Ember, Grip of Thoralon, -1, 80
Grand Event tickets to a FLKAPL90FTG performance, -5, 0
Grand Event tickets to a FLKAPL90FTG performance, -10, 0
Grand Event tickets to a FLKAPL90FTG performance, -15, 0
Enchanted Arcane Pastry, -17, 0

-------- day 21 --------
name, sellIn, quality
+7 Agility Tunic, -11, 0
Vintage Cheddar, -19, 40
Potion of the Panther, -16, 0
Eternal Ember, Grip of Thoralon, 0, 80
Eternal Ember, Grip of Thoralon, -1, 80
Grand Event tickets to a FLKAPL90FTG performance, -6, 0
Grand Event tickets to a FLKAPL90FTG performance, -11, 0
Grand Event tickets to a FLKAPL90FTG performance, -16, 0
Enchanted Arcane Pastry, -18, 0

-------- day 22 --------
name, sellIn, quality
+7 Agility Tunic, -12, 0
Vintage Cheddar, -20, 42
Potion of the Panther, -17, 0
Eternal Ember, Grip of Thoralon, 0, 80
Eternal Ember, Grip of Thoralon, -1, 80
Grand Event tickets to a FLKAPL90FTG performance, -7, 0
Grand Event tickets to a FLKAPL90FTG performance, -12, 0
Grand Event tickets to a FLKAPL90FTG performance, -17, 0
Enchanted Arcane Pastry, -19, 0

-------- day 23 --------
name, sellIn, quality
+7 Agility Tunic, -13, 0
Vintage Cheddar, -21, 44
Potion of the Panther, -18, 0
Eternal Ember, Grip of Thoralon, 0, 80
Eternal Ember, Grip of Thoralon, -1, 80
Grand Event tickets to a FLKAPL90FTG performance, -8, 0
Grand Event tickets to a FLKAPL90FTG performance, -13, 0
Grand Event tickets to a FLKAPL90FTG performance, -18, 0
Enchanted Arcane Pastry, -20, 0

-------- day 24 --------
name, sellIn, quality
+7 Agility Tunic, -14, 0
Vintage Cheddar, -22, 46
Potion of the Panther, -19, 0
Eternal Ember, Grip of Thoralon, 0, 80
Eternal Ember, Grip of Thoralon, -1, 80
Grand Event tickets to a FLKAPL90FTG performance, -9, 0
Grand Event tickets to a FLKAPL90FTG performance, -14, 0
Grand Event tickets to a FLKAPL90FTG performance, -19, 0
Enchanted Arcane Pastry, -21, 0

-------- day 25 --------
name, sellIn, quality
+7 Agility Tunic, -15, 0
Vintage Cheddar, -23, 48
Potion of the Panther, -20, 0
Eternal Ember, Grip of Thoralon, 0, 80
Eternal Ember, Grip of Thoralon, -1, 80
Grand Event tickets to a FLKAPL90FTG performance, -10, 0
Grand Event tickets to a FLKAPL90FTG performance, -15, 0
Grand Event tickets to a FLKAPL90FTG performance, -20, 0
Enchanted Arcane Pastry, -22, 0

-------- day 26 --------
name, sellIn, quality
+7 Agility Tunic, -16, 0
Vintage Cheddar, -24, 50
Potion of the Panther, -21, 0
Eternal Ember, Grip of Thoralon, 0, 80
Eternal Ember, Grip of Thoralon, -1, 80
Grand Event tickets to a FLKAPL90FTG performance, -11, 0
Grand Event tickets to a FLKAPL90FTG performance, -16, 0
Grand Event tickets to a FLKAPL90FTG performance, -21, 0
Enchanted Arcane Pastry, -23, 0

-------- day 27 --------
name, sellIn, quality
+7 Agility Tunic, -17, 0
Vintage Cheddar, -25, 50
Potion of the Panther, -22, 0
Eternal Ember, Grip of Thoralon, 0, 80
Eternal Ember, Grip of Thoralon, -1, 80
Grand Event tickets to a FLKAPL90FTG performance, -12, 0
Grand Event tickets to a FLKAPL90FTG performance, -17, 0
Grand Event tickets to a FLKAPL90FTG performance, -22, 0
Enchanted Arcane Pastry, -24, 0

-------- day 28 --------
name, sellIn, quality
+7 Agility Tunic, -18, 0
Vintage Cheddar, -26, 50
Potion of the Panther, -23, 0
Eternal Ember, Grip of Thoralon, 0, 80
Eternal Ember, Grip of Thoralon, -1, 80
Grand Event tickets to a FLKAPL90FTG performance, -13, 0
Grand Event tickets to a FLKAPL90FTG performance, -18, 0
Grand Event tickets to a FLKAPL90FTG performance, -23, 0
Enchanted Arcane Pastry, -25, 0

-------- day 29 --------
name, sellIn, quality
+7 Agility Tunic, -19, 0
Vintage Cheddar, -27, 50
Potion of the Panther, -24, 0
Eternal Ember, Grip of Thoralon, 0, 80
Eternal Ember, Grip of Thoralon, -1, 80
Grand Event tickets to a FLKAPL90FTG performance, -14, 0
Grand Event tickets to a FLKAPL90FTG performance, -19, 0
Grand Event tickets to a FLKAPL90FTG performance, -24, 0
Enchanted Arcane Pastry, -26, 0

-------- day 30 --------
name, sellIn, quality
+7 Agility Tunic, -20, 0
Vintage Cheddar, -28, 50
Potion of the Panther, -25, 0
Eternal Ember, Grip of Thoralon, 0, 80
Eternal Ember, Grip of Thoralon, -1, 80
Grand Event tickets to a FLKAPL90FTG performance, -15, 0
Grand Event tickets to a FLKAPL90FTG performance, -20, 0
Grand Event tickets to a FLKAPL90FTG performance, -25, 0
Enchanted Arcane Pastry, -27, 0

